{
    "TestName": "5.1",
    "InEdges": [
        {
            "U": 3,
            "V": 4,
            "I": 0
        }
    ],
    "MinPath": 5
}