{
    "TestName": "5.2",
    "InEdges": [
        {
            "U": 0,
            "V": 0,
            "I": 0
        },
        {
            "U": 2,
            "V": 2,
            "I": 0
        },
        {
            "U": 3,
            "V": 4,
            "I": 0
        }
    ],
    "MinPath": 3
}