{
    "TestName": "6.1",
    "InEdges": [
        {
            "U": 2,
            "V": 1,
            "I": 0
        }
    ],
    "MinPath": 4
}