{
    "TestName": "7.1",
    "InEdges": [],
    "MinPath": 100
}