{
    "TestName": "7.2",
    "InEdges": [
        {
            "U": 2,
            "V": 1,
            "I": 0
        },
        {
            "U": 6,
            "V": 4,
            "I": 0
        },
        {
            "U": 4,
            "V": 0,
            "I": 0
        },
        {
            "U": 4,
            "V": 1,
            "I": 0
        },
        {
            "U": 2,
            "V": 6,
            "I": 0
        },
        {
            "U": 6,
            "V": 1,
            "I": 0
        }
    ],
    "MinPath": 16
}