{
    "TestName": "5.2.10",
    "Paths": [
        {
            "Edges": [
                {
                    "U": 2,
                    "V": 4,
                    "I": 0
                },
                {
                    "U": 0,
                    "V": 2,
                    "I": 0
                }
            ],
            "Cost": 3
        },
        {
            "Edges": [
                {
                    "U": 3,
                    "V": 4,
                    "I": 0
                },
                {
                    "U": 1,
                    "V": 3,
                    "I": 0
                },
                {
                    "U": 0,
                    "V": 1,
                    "I": 0
                }
            ],
            "Cost": 3
        },
        {
            "Edges": [
                {
                    "U": 3,
                    "V": 4,
                    "I": 0
                },
                {
                    "U": 1,
                    "V": 3,
                    "I": 0
                },
                {
                    "U": 0,
                    "V": 1,
                    "I": 0
                },
                {
                    "U": 0,
                    "V": 0,
                    "I": 0
                }
            ],
            "Cost": 4
        },
        {
            "Edges": [
                {
                    "U": 2,
                    "V": 4,
                    "I": 0
                },
                {
                    "U": 0,
                    "V": 2,
                    "I": 0
                },
                {
                    "U": 0,
                    "V": 0,
                    "I": 0
                }
            ],
            "Cost": 4
        },
        {
            "Edges": [
                {
                    "U": 2,
                    "V": 4,
                    "I": 0
                },
                {
                    "U": 2,
                    "V": 2,
                    "I": 0
                },
                {
                    "U": 0,
                    "V": 2,
                    "I": 0
                }
            ],
            "Cost": 4
        },
        {
            "Edges": [
                {
                    "U": 2,
                    "V": 4,
                    "I": 0
                },
                {
                    "U": 0,
                    "V": 2,
                    "I": 0
                },
                {
                    "U": 0,
                    "V": 0,
                    "I": 0
                },
                {
                    "U": 0,
                    "V": 0,
                    "I": 0
                }
            ],
            "Cost": 5
        },
        {
            "Edges": [
                {
                    "U": 2,
                    "V": 4,
                    "I": 0
                },
                {
                    "U": 2,
                    "V": 2,
                    "I": 0
                },
                {
                    "U": 0,
                    "V": 2,
                    "I": 0
                },
                {
                    "U": 0,
                    "V": 0,
                    "I": 0
                }
            ],
            "Cost": 5
        },
        {
            "Edges": [
                {
                    "U": 3,
                    "V": 4,
                    "I": 0
                },
                {
                    "U": 1,
                    "V": 3,
                    "I": 0
                },
                {
                    "U": 0,
                    "V": 1,
                    "I": 0
                },
                {
                    "U": 0,
                    "V": 0,
                    "I": 0
                },
                {
                    "U": 0,
                    "V": 0,
                    "I": 0
                }
            ],
            "Cost": 5
        },
        {
            "Edges": [
                {
                    "U": 2,
                    "V": 4,
                    "I": 0
                },
                {
                    "U": 2,
                    "V": 2,
                    "I": 0
                },
                {
                    "U": 0,
                    "V": 2,
                    "I": 0
                },
                {
                    "U": 0,
                    "V": 0,
                    "I": 0
                },
                {
                    "U": 0,
                    "V": 0,
                    "I": 0
                }
            ],
            "Cost": 6
        },
        {
            "Edges": [
                {
                    "U": 3,
                    "V": 4,
                    "I": 0
                },
                {
                    "U": 1,
                    "V": 3,
                    "I": 0
                },
                {
                    "U": 0,
                    "V": 1,
                    "I": 0
                },
                {
                    "U": 0,
                    "V": 0,
                    "I": 0
                },
                {
                    "U": 0,
                    "V": 0,
                    "I": 0
                },
                {
                    "U": 0,
                    "V": 0,
                    "I": 0
                }
            ],
            "Cost": 6
        }
    ]
}