{
    "TestName": "6.1.1",
    "Paths": [
        {
            "Edges": [
                {
                    "U": 4,
                    "V": 5,
                    "I": 0
                },
                {
                    "U": 3,
                    "V": 4,
                    "I": 0
                },
                {
                    "U": 1,
                    "V": 3,
                    "I": 0
                },
                {
                    "U": 0,
                    "V": 1,
                    "I": 0
                }
            ],
            "Cost": 4
        }
    ]
}