{
    "TestName": "7.1.2",
    "Paths": [
        {
            "Edges": [
                {
                    "U": 4,
                    "V": 5,
                    "I": 0
                },
                {
                    "U": 1,
                    "V": 4,
                    "I": 0
                },
                {
                    "U": 0,
                    "V": 1,
                    "I": 0
                }
            ],
            "Cost": 100
        }
    ]
}